node_modules/@types/node/ffi.d.ts(94,21): error TS1139: Type parameter declaration expected.
node_modules/@types/node/ffi.d.ts(94,29): error TS1005: ',' expected.
node_modules/@types/node/ffi.d.ts(95,13): error TS1005: ')' expected.
node_modules/@types/node/ffi.d.ts(95,22): error TS1005: ',' expected.
node_modules/@types/node/ffi.d.ts(96,21): error TS1109: Expression expected.
node_modules/@types/node/ffi.d.ts(97,5): error TS1109: Expression expected.
node_modules/@types/node/ffi.d.ts(97,6): error TS1128: Declaration or statement expected.
node_modules/@types/node/ffi.d.ts(206,21): error TS1139: Type parameter declaration expected.
node_modules/@types/node/ffi.d.ts(206,27): error TS1434: Unexpected keyword or identifier.
node_modules/@types/node/ffi.d.ts(206,29): error TS1068: Unexpected token. A constructor, method, accessor, or property was expected.
node_modules/@types/node/ffi.d.ts(206,37): error TS1434: Unexpected keyword or identifier.
node_modules/@types/node/ffi.d.ts(206,54): error TS1068: Unexpected token. A constructor, method, accessor, or property was expected.
node_modules/@types/node/ffi.d.ts(206,60): error TS1005: ')' expected.
node_modules/@types/node/ffi.d.ts(206,79): error TS1005: ';' expected.
node_modules/@types/node/ffi.d.ts(206,81): error TS1434: Unexpected keyword or identifier.
node_modules/@types/node/ffi.d.ts(206,82): error TS1128: Declaration or statement expected.
node_modules/@types/node/ffi.d.ts(206,83): error TS1128: Declaration or statement expected.
node_modules/@types/node/ffi.d.ts(214,23): error TS1005: ';' expected.
node_modules/@types/node/ffi.d.ts(214,34): error TS1005: ',' expected.
node_modules/@types/node/ffi.d.ts(214,43): error TS1005: ';' expected.
node_modules/@types/node/ffi.d.ts(215,22): error TS1109: Expression expected.
node_modules/@types/node/ffi.d.ts(215,30): error TS1005: ',' expected.
node_modules/@types/node/ffi.d.ts(215,57): error TS1005: ',' expected.
node_modules/@types/node/ffi.d.ts(215,70): error TS1005: ')' expected.
node_modules/@types/node/ffi.d.ts(215,72): error TS1434: Unexpected keyword or identifier.
node_modules/@types/node/ffi.d.ts(215,73): error TS1128: Declaration or statement expected.
node_modules/@types/node/ffi.d.ts(215,74): error TS1128: Declaration or statement expected.
node_modules/@types/node/ffi.d.ts(219,23): error TS1005: ',' expected.
node_modules/@types/node/ffi.d.ts(219,32): error TS1005: ';' expected.
node_modules/@types/node/ffi.d.ts(223,21): error TS1005: ';' expected.
node_modules/@types/node/ffi.d.ts(256,34): error TS1005: ',' expected.
node_modules/@types/node/ffi.d.ts(256,46): error TS1109: Expression expected.
node_modules/@types/node/ffi.d.ts(256,47): error TS1005: ';' expected.
node_modules/@types/node/ffi.d.ts(257,26): error TS1109: Expression expected.
node_modules/@types/node/ffi.d.ts(257,34): error TS1005: ',' expected.
node_modules/@types/node/ffi.d.ts(257,59): error TS1005: ',' expected.
node_modules/@types/node/ffi.d.ts(258,22): error TS1005: ')' expected.
node_modules/@types/node/ffi.d.ts(259,21): error TS1005: ';' expected.
node_modules/@types/node/ffi.d.ts(260,9): error TS1109: Expression expected.
node_modules/@types/node/ffi.d.ts(260,10): error TS1128: Declaration or statement expected.
node_modules/@types/node/ffi.d.ts(273,35): error TS1005: ',' expected.
node_modules/@types/node/ffi.d.ts(273,44): error TS1005: ';' expected.
node_modules/@types/node/ffi.d.ts(273,50): error TS1109: Expression expected.
node_modules/@types/node/ffi.d.ts(277,28): error TS1005: ',' expected.
node_modules/@types/node/ffi.d.ts(277,37): error TS1005: ';' expected.
node_modules/@types/node/ffi.d.ts(277,43): error TS1109: Expression expected.
node_modules/@types/node/ffi.d.ts(285,30): error TS1005: ',' expected.
node_modules/@types/node/ffi.d.ts(285,39): error TS1005: ';' expected.
node_modules/@types/node/ffi.d.ts(285,45): error TS1109: Expression expected.
node_modules/@types/node/ffi.d.ts(486,1): error TS1128: Declaration or statement expected.
src/components/Chart/CustomizedTooltip.jsx(30,4): error TS8010: Type annotations can only be used in TypeScript files.
src/components/Filterbar/FilterbarHb.jsx(39,46): error TS8010: Type annotations can only be used in TypeScript files.
src/components/Filterbar/FilterbarHb.jsx(101,48): error TS8010: Type annotations can only be used in TypeScript files.
src/components/Filterbar/FilterbarHb.jsx(160,42): error TS8010: Type annotations can only be used in TypeScript files.
src/components/Filterbar/FilterbarHb.jsx(164,38): error TS8010: Type annotations can only be used in TypeScript files.
src/components/Filterbar/FilterbarHb.jsx(168,43): error TS8010: Type annotations can only be used in TypeScript files.
src/components/Filterbar/FilterbarRentals.jsx(42,42): error TS8010: Type annotations can only be used in TypeScript files.
src/components/Filterbar/FilterbarRentals.jsx(46,38): error TS8010: Type annotations can only be used in TypeScript files.
src/components/Filterbar/FilterbarRentals.jsx(50,43): error TS8010: Type annotations can only be used in TypeScript files.
src/components/Filterbar/FilteritemDatum.jsx(21,43): error TS8010: Type annotations can only be used in TypeScript files.
src/components/Filterbar/FilteritemDatum.jsx(29,43): error TS8010: Type annotations can only be used in TypeScript files.
src/components/Filterbar/FilteritemDatumVanTot.jsx(46,53): error TS8010: Type annotations can only be used in TypeScript files.
src/components/Filterbar/FilteritemDatumVanTot.jsx(50,53): error TS8010: Type annotations can only be used in TypeScript files.
src/components/Filterbar/FilteritemDatumVanTot.jsx(54,60): error TS8010: Type annotations can only be used in TypeScript files.
src/components/Filterbar/FilteritemDuur.jsx(12,46): error TS8010: Type annotations can only be used in TypeScript files.
src/components/Filterbar/FilteritemGebieden.jsx(30,40): error TS8010: Type annotations can only be used in TypeScript files.
src/components/Filterbar/FilteritemGebieden.jsx(34,44): error TS8010: Type annotations can only be used in TypeScript files.
src/components/Filterbar/FilteritemHerkomstBestemming.jsx(18,43): error TS8010: Type annotations can only be used in TypeScript files.
src/components/Filterbar/FilteritemHerkomstBestemming.jsx(22,43): error TS8010: Type annotations can only be used in TypeScript files.
src/components/Filterbar/FilteritemHerkomstBestemming.jsx(26,56): error TS8010: Type annotations can only be used in TypeScript files.
src/components/Filterbar/FilteritemMarkers.jsx(9,48): error TS8010: Type annotations can only be used in TypeScript files.
src/components/Filterbar/FilteritemMarkers.jsx(37,39): error TS8010: Type annotations can only be used in TypeScript files.
src/components/Filterbar/FilteritemMarkers.jsx(59,52): error TS8010: Type annotations can only be used in TypeScript files.
src/components/Filterbar/FilteritemNonOperationalVehicles.jsx(10,62): error TS8010: Type annotations can only be used in TypeScript files.
src/components/Filterbar/FilteritemZones.jsx(19,37): error TS8010: Type annotations can only be used in TypeScript files.
src/components/Filterbar/FilteritemZones.jsx(23,43): error TS8010: Type annotations can only be used in TypeScript files.
src/components/Filterbar/FilteritemZones.jsx(27,44): error TS8010: Type annotations can only be used in TypeScript files.
src/components/Filterbar/FilteritemZones.jsx(31,53): error TS8010: Type annotations can only be used in TypeScript files.
src/components/Filterbar/FilteritemZones.jsx(37,53): error TS8010: Type annotations can only be used in TypeScript files.
src/components/H5Title/H5Title.jsx(6,4): error TS8010: Type annotations can only be used in TypeScript files.
src/components/Menu/FloatingMobileMenu.jsx(24,43): error TS8010: Type annotations can only be used in TypeScript files.
src/components/MetaStats/MetaStats.jsx(35,43): error TS8010: Type annotations can only be used in TypeScript files.
src/components/MetaStats/MetaStats.jsx(39,37): error TS8010: Type annotations can only be used in TypeScript files.
src/components/Misc/Misc.jsx(14,42): error TS8010: Type annotations can only be used in TypeScript files.
src/components/Modal/Modal.jsx(17,4): error TS8010: Type annotations can only be used in TypeScript files.
src/components/Modal/Modal.jsx(30,23): error TS8009: The '?' modifier can only be used in TypeScript files.
src/components/Modal/Modal.jsx(30,26): error TS8010: Type annotations can only be used in TypeScript files.
src/components/Topbar/Topbar.jsx(11,42): error TS8010: Type annotations can only be used in TypeScript files.
src/components/Tour/Tour.jsx(35,36): error TS8010: Type annotations can only be used in TypeScript files.
src/pages/ContentPage.jsx(7,50): error TS8010: Type annotations can only be used in TypeScript files.
src/pages/MapPage.jsx(29,41): error TS8010: Type annotations can only be used in TypeScript files.
src/pages/MapPage.jsx(33,38): error TS8010: Type annotations can only be used in TypeScript files.
src/pages/MapPage.jsx(37,43): error TS8010: Type annotations can only be used in TypeScript files.
src/pages/MapPage.jsx(51,40): error TS8010: Type annotations can only be used in TypeScript files.
src/pages/MapPage.jsx(55,43): error TS8010: Type annotations can only be used in TypeScript files.
src/pages/Monitoring.jsx(29,46): error TS8010: Type annotations can only be used in TypeScript files.
